// Jest Snapshot v1, https://goo.gl/fbAQLP

exports[`LandingPage Unit Tests should match the snapshot 1`] = `
<section
  className="landing-page"
>
  <h2
    className="tagline"
  >
    The Truth has Nine Lives
  </h2>
  <Link
    to="/login"
  >
    <button
      className="login-button"
      type="button"
    >
      Join Us
    </button>
  </Link>
</section>
`;
