// Jest Snapshot v1, https://goo.gl/fbAQLP

exports[`ResearchContainer ResearchContainer unit tests should match the snapshot 1`] = `
<section>
  <Research />
  <article>
    <h2>
      nasa id
    </h2>
    <p>
      nas123
    </p>
    <h2>
      date taken
    </h2>
    <p>
      december
    </p>
    <h2>
      photographer
    </h2>
  </article>
</section>
`;
